
12 páginas para buscadores escritas en site/ (con sitemap).

Fuente              Estado  Nuevas  Total  Detalle
BuscoUnChollo       ✅            2    135  ok 18:47 UTC
Viajeros Piratas    ✅            0    119  ok 18:47 UTC
Holidayguru         ✅            0     47  ok 18:47 UTC
Atrápalo            ✅            0    108  ok 17:00 UTC
Weekendesk          ✅            0     49  ok 17:00 UTC
Nomolesten          ✅           31     59  ok 17:00 UTC
Rusticae            ✅            0     14  ok 17:00 UTC
Paradores           ⏸️           0      0  No responde desde los servidores de GitHub (desde España sí: actívala si escaneas en tu PC)
Muchoviaje          ✅            0     28  ok 17:00 UTC
Grandvalira         ✅            0     19  ok 12:07 UTC
Escapada Rural      ✅            0    163  ok 17:00 UTC
Clubrural           ✅            6     28  ok 17:00 UTC
Tus Casas Rurales   ✅            0    122  ok 17:00 UTC
Holidu              ✅            3    172  ok 17:00 UTC
Campings.net        ✅            0      2  ok 12:07 UTC
Sandaya             ✅            0     10  ok 12:07 UTC
Huttopia            ✅            0      1  ok 12:07 UTC
Civitatis           ✅            0    218  ok 12:07 UTC
GuruWalk            ✅            0     27  ok 12:07 UTC
Wizz Air            ✅          143    143  ok 19:12 UTC
Volotea             ✅            0     12  ok 17:00 UTC
OUIGO España        ✅            0      2  ok 19:02 UTC
FlixBus             ✅            0      5  ok 19:02 UTC
Ferryhopper         ✅            0     13  ok 12:07 UTC
Renfe               ✅            0     13  ok 12:07 UTC
Ryanair             ⏸️           0      0  Su robots.txt prohíbe /api (comprobado el 18/09/2026)
Chollometro         ✅            1    102  ok 19:02 UTC
Fly4free            ✅            0     13  ok 18:47 UTC
Buzón de newsletters⏸️           0      0  Falta configurar: GMAIL_USER, GMAIL_APP_PASSWORD

1624 ofertas en total (0 retiradas por caducadas o antiguas).
Puentes a la vista: 10–12 oct (Fiesta Nacional de España); 5–8 dic (Día de la Constitución e Inmaculada Concepción); 25–27 dic (Navidad y Sant Esteve); 1–3 ene (Año Nuevo).

Red (webs con esperas o fallos):
  be.wizzair.com                     66 peticiones · 1 fallos · 0 reintentos · 401 ms de media
